// Jest Snapshot v1, https://goo.gl/fbAQLP

exports[`builds uno.css 1`] = `
"/* generated by unocss-cli v0.2.0 */
/* layer: default */
.p-4{padding:1rem;}
.max-w-screen-md{max-width:768px;}"
`;

exports[`supports unocss.config.js 1`] = `
"/* generated by unocss-cli v0.2.0 */
/* layer: shortcuts */
.box{padding:1rem;margin-left:auto;margin-right:auto;--un-bg-opacity:1;background-color:rgba(244,244,245,var(--un-bg-opacity));border-radius:0.375rem;--un-shadow-color:0,0,0;--un-shadow:0 1px 2px 0 rgba(var(--un-shadow-color), 0.05);-webkit-box-shadow:var(--un-ring-offset-shadow, 0 0 #0000), var(--un-ring-shadow, 0 0 #0000), var(--un-shadow);box-shadow:var(--un-ring-offset-shadow, 0 0 #0000), var(--un-ring-shadow, 0 0 #0000), var(--un-shadow);max-width:7xl;}"
`;
